<?xml version="1.0" encoding="utf-8"?>
<CoverageSession xmlns:xsd="http://www.w3.org/2001/XMLSchema" xmlns:xsi="http://www.w3.org/2001/XMLSchema-instance">
  <Summary numSequencePoints="134" visitedSequencePoints="63" numBranchPoints="72" visitedBranchPoints="36" sequenceCoverage="47.01" branchCoverage="50" maxCyclomaticComplexity="10" minCyclomaticComplexity="1" visitedClasses="7" numClasses="8" visitedMethods="19" numMethods="26" />
  <Modules>
    <Module skippedDueTo="Filter" hash="F4-33-49-73-62-46-81-15-AC-00-38-F3-28-E9-69-3E-B6-DB-33-90">
      <FullName>C:\WINDOWS\assembly\GAC_64\mscorlib\2.0.0.0__b77a5c561934e089\mscorlib.dll</FullName>
      <ModuleName>mscorlib</ModuleName>
      <Classes />
    </Module>
    <Module skippedDueTo="Filter" hash="F9-04-A8-31-CD-FB-23-72-95-63-5D-14-9A-A0-66-8E-7F-44-93-7A">
      <FullName>C:\WINDOWS\assembly\GAC_64\mscorlib\2.0.0.0__b77a5c561934e089\sorttbls.nlp</FullName>
      <ModuleName>mscorlib</ModuleName>
      <Classes />
    </Module>
    <Module skippedDueTo="MissingPdb" hash="9F-C3-2E-51-B5-EB-69-B9-60-21-42-1F-17-25-12-07-16-11-20-50">
      <FullName>c:\Repos\nunitexternalsources\nunitexternalsources\packages\NUnit.Runners.2.6.4\tools\nunit-console.exe</FullName>
      <ModuleName>nunit-console</ModuleName>
      <Classes />
    </Module>
    <Module skippedDueTo="Filter" hash="6E-30-2E-50-36-FB-60-2C-8E-50-C0-83-54-8B-CC-EA-A8-91-B6-CC">
      <FullName>C:\WINDOWS\assembly\GAC_64\mscorlib\2.0.0.0__b77a5c561934e089\sortkey.nlp</FullName>
      <ModuleName>mscorlib</ModuleName>
      <Classes />
    </Module>
    <Module skippedDueTo="MissingPdb" hash="F2-ED-FF-09-01-C9-D7-BC-29-AC-A6-93-C5-97-8A-0D-43-DD-8D-F2">
      <FullName>C:\Repos\nunitexternalsources\nunitexternalsources\packages\NUnit.Runners.2.6.4\tools\lib\nunit-console-runner.dll</FullName>
      <ModuleName>nunit-console-runner</ModuleName>
      <Classes />
    </Module>
    <Module skippedDueTo="MissingPdb" hash="36-B9-FF-C0-07-EA-59-4D-23-2E-FD-CD-5A-45-CF-C0-2C-42-2A-98">
      <FullName>C:\Repos\nunitexternalsources\nunitexternalsources\packages\NUnit.Runners.2.6.4\tools\lib\nunit.core.dll</FullName>
      <ModuleName>nunit.core</ModuleName>
      <Classes />
    </Module>
    <Module skippedDueTo="MissingPdb" hash="14-C3-4B-3E-39-7A-EE-C0-B9-2F-83-44-2F-04-8A-F7-48-7B-67-DE">
      <FullName>C:\Repos\nunitexternalsources\nunitexternalsources\packages\NUnit.Runners.2.6.4\tools\lib\nunit.util.dll</FullName>
      <ModuleName>nunit.util</ModuleName>
      <Classes />
    </Module>
    <Module skippedDueTo="MissingPdb" hash="5E-95-A6-AD-88-48-98-B1-62-7F-4E-5A-C1-0E-F3-B7-85-56-44-E8">
      <FullName>C:\Repos\nunitexternalsources\nunitexternalsources\packages\NUnit.Runners.2.6.4\tools\lib\nunit.core.interfaces.dll</FullName>
      <ModuleName>nunit.core.interfaces</ModuleName>
      <Classes />
    </Module>
    <Module skippedDueTo="Filter" hash="0F-82-09-6F-47-14-D9-A3-3B-F8-57-B9-B1-A6-46-3B-2A-2B-E9-CD">
      <FullName>C:\WINDOWS\assembly\GAC_MSIL\System.Configuration\2.0.0.0__b03f5f7f11d50a3a\System.Configuration.dll</FullName>
      <ModuleName>System.Configuration</ModuleName>
      <Classes />
    </Module>
    <Module skippedDueTo="Filter" hash="EA-92-38-5E-9D-EA-8A-E7-BE-16-8C-F4-09-EC-40-CC-43-49-4B-15">
      <FullName>C:\WINDOWS\assembly\GAC_MSIL\System\2.0.0.0__b77a5c561934e089\System.dll</FullName>
      <ModuleName>System</ModuleName>
      <Classes />
    </Module>
    <Module skippedDueTo="Filter" hash="E1-8C-D8-8A-50-BD-6D-E3-9B-47-F0-39-BE-8E-D1-2B-CF-25-89-2B">
      <FullName>C:\WINDOWS\assembly\GAC_MSIL\System.Xml\2.0.0.0__b77a5c561934e089\System.Xml.dll</FullName>
      <ModuleName>System.Xml</ModuleName>
      <Classes />
    </Module>
    <Module skippedDueTo="Filter" hash="16-C7-8D-BC-66-9E-99-9D-FA-F1-6B-E6-CD-B5-00-D9-FF-42-73-DC">
      <FullName>C:\WINDOWS\assembly\GAC_MSIL\System.Runtime.Remoting\2.0.0.0__b77a5c561934e089\System.Runtime.Remoting.dll</FullName>
      <ModuleName>System.Runtime.Remoting</ModuleName>
      <Classes />
    </Module>
    <Module skippedDueTo="Filter" hash="8E-32-16-9A-76-2A-A6-69-84-23-E7-BD-A1-CE-EE-5C-72-47-82-78">
      <FullName>C:\WINDOWS\Microsoft.Net\assembly\GAC_64\mscorlib\v4.0_4.0.0.0__b77a5c561934e089\mscorlib.dll</FullName>
      <ModuleName>mscorlib</ModuleName>
      <Classes />
    </Module>
    <Module skippedDueTo="MissingPdb" hash="E8-07-A4-A1-06-33-5B-A6-17-CF-DC-6F-28-47-58-85-D6-9F-6B-46">
      <FullName>C:\Repos\nunitexternalsources\nunitexternalsources\packages\NUnit.Runners.2.6.4\tools\nunit-agent.exe</FullName>
      <ModuleName>nunit-agent</ModuleName>
      <Classes />
    </Module>
    <Module skippedDueTo="MissingPdb" hash="36-B9-FF-C0-07-EA-59-4D-23-2E-FD-CD-5A-45-CF-C0-2C-42-2A-98">
      <FullName>C:\Repos\nunitexternalsources\nunitexternalsources\packages\NUnit.Runners.2.6.4\tools\lib\nunit.core.dll</FullName>
      <ModuleName>nunit.core</ModuleName>
      <Classes />
    </Module>
    <Module skippedDueTo="MissingPdb" hash="14-C3-4B-3E-39-7A-EE-C0-B9-2F-83-44-2F-04-8A-F7-48-7B-67-DE">
      <FullName>C:\Repos\nunitexternalsources\nunitexternalsources\packages\NUnit.Runners.2.6.4\tools\lib\nunit.util.dll</FullName>
      <ModuleName>nunit.util</ModuleName>
      <Classes />
    </Module>
    <Module skippedDueTo="MissingPdb" hash="5E-95-A6-AD-88-48-98-B1-62-7F-4E-5A-C1-0E-F3-B7-85-56-44-E8">
      <FullName>C:\Repos\nunitexternalsources\nunitexternalsources\packages\NUnit.Runners.2.6.4\tools\lib\nunit.core.interfaces.dll</FullName>
      <ModuleName>nunit.core.interfaces</ModuleName>
      <Classes />
    </Module>
    <Module skippedDueTo="Filter" hash="56-78-FC-2A-D1-E9-92-34-51-52-EB-C3-D0-DC-F7-11-27-76-72-E4">
      <FullName>C:\WINDOWS\Microsoft.Net\assembly\GAC_MSIL\System\v4.0_4.0.0.0__b77a5c561934e089\System.dll</FullName>
      <ModuleName>System</ModuleName>
      <Classes />
    </Module>
    <Module skippedDueTo="Filter" hash="3E-C4-6D-26-F3-07-93-45-B2-C1-FE-00-DA-ED-07-22-5F-A8-E6-93">
      <FullName>C:\WINDOWS\Microsoft.Net\assembly\GAC_MSIL\System.Runtime.Remoting\v4.0_4.0.0.0__b77a5c561934e089\System.Runtime.Remoting.dll</FullName>
      <ModuleName>System.Runtime.Remoting</ModuleName>
      <Classes />
    </Module>
    <Module skippedDueTo="Filter" hash="35-E9-46-2A-74-7E-97-F3-30-6A-54-64-87-BC-30-0C-76-42-05-6B">
      <FullName>C:\WINDOWS\Microsoft.Net\assembly\GAC_MSIL\System.Configuration\v4.0_4.0.0.0__b03f5f7f11d50a3a\System.Configuration.dll</FullName>
      <ModuleName>System.Configuration</ModuleName>
      <Classes />
    </Module>
    <Module skippedDueTo="Filter" hash="75-21-73-F7-19-DB-C9-14-68-D8-F2-4C-82-EF-EA-8D-7F-C1-16-47">
      <FullName>C:\WINDOWS\Microsoft.Net\assembly\GAC_MSIL\System.Xml\v4.0_4.0.0.0__b77a5c561934e089\System.Xml.dll</FullName>
      <ModuleName>System.Xml</ModuleName>
      <Classes />
    </Module>
    <Module skippedDueTo="Filter" hash="45-11-33-2A-B7-8F-35-95-F2-0F-87-8D-EC-64-65-44-B0-1D-9F-B5">
      <FullName>C:\WINDOWS\Microsoft.Net\assembly\GAC_64\System.Web\v4.0_4.0.0.0__b03f5f7f11d50a3a\System.Web.dll</FullName>
      <ModuleName>System.Web</ModuleName>
      <Classes />
    </Module>
    <Module skippedDueTo="Filter" hash="A8-1E-EE-10-62-31-AB-BB-C2-EC-A1-0B-3D-CE-48-EA-52-18-2B-3F">
      <FullName>C:\WINDOWS\assembly\GAC_64\System.Web\2.0.0.0__b03f5f7f11d50a3a\System.Web.dll</FullName>
      <ModuleName>System.Web</ModuleName>
      <Classes />
    </Module>
    <Module skippedDueTo="MissingPdb" hash="36-B9-FF-C0-07-EA-59-4D-23-2E-FD-CD-5A-45-CF-C0-2C-42-2A-98">
      <FullName>C:\Repos\nunitexternalsources\nunitexternalsources\packages\NUnit.Runners.2.6.4\tools\lib\nunit.core.dll</FullName>
      <ModuleName>nunit.core</ModuleName>
      <Classes />
    </Module>
    <Module skippedDueTo="Filter" hash="56-78-FC-2A-D1-E9-92-34-51-52-EB-C3-D0-DC-F7-11-27-76-72-E4">
      <FullName>C:\WINDOWS\Microsoft.Net\assembly\GAC_MSIL\System\v4.0_4.0.0.0__b77a5c561934e089\System.dll</FullName>
      <ModuleName>System</ModuleName>
      <Classes />
    </Module>
    <Module skippedDueTo="MissingPdb" hash="53-25-23-C6-63-70-35-C6-0C-82-04-1A-0A-BF-1A-E7-1F-EA-74-A3">
      <FullName>C:\Repos\nunitexternalsources\nunitexternalsources\packages\NUnit.Runners.2.6.4\tools\pnunit.framework.dll</FullName>
      <ModuleName>pnunit.framework</ModuleName>
      <Classes />
    </Module>
    <Module skippedDueTo="MissingPdb" hash="21-69-E9-47-C6-F8-02-12-31-E6-18-DE-8E-43-24-C9-AB-F7-C2-BE">
      <FullName>C:\Repos\nunitexternalsources\nunitexternalsources\packages\NUnit.Runners.2.6.4\tools\pnunit-agent.exe</FullName>
      <ModuleName>pnunit-agent</ModuleName>
      <Classes />
    </Module>
    <Module skippedDueTo="MissingPdb" hash="5E-95-A6-AD-88-48-98-B1-62-7F-4E-5A-C1-0E-F3-B7-85-56-44-E8">
      <FullName>c:\Repos\nunitexternalsources\nunitexternalsources\test\ExternalTestCaseSource.Tests\bin\Debug\nunit.core.interfaces.dll</FullName>
      <ModuleName>nunit.core.interfaces</ModuleName>
      <Classes />
    </Module>
    <Module skippedDueTo="Filter" hash="8B-F7-34-A7-3C-D2-9E-3D-0E-72-54-7E-CC-73-8E-9C-51-67-71-C1">
      <FullName>c:\Repos\nunitexternalsources\nunitexternalsources\test\ExternalTestCaseSource.Tests\bin\Debug\ExternalTestCaseSource.Tests.dll</FullName>
      <ModuleName>ExternalTestCaseSource.Tests</ModuleName>
      <Classes />
    </Module>
    <Module skippedDueTo="MissingPdb" hash="A2-D0-DB-C9-20-FB-37-90-D4-D6-25-E5-C4-7B-E0-42-CA-32-C0-51">
      <FullName>c:\Repos\nunitexternalsources\nunitexternalsources\test\ExternalTestCaseSource.Tests\bin\Debug\nunit.framework.dll</FullName>
      <ModuleName>nunit.framework</ModuleName>
      <Classes />
    </Module>
    <Module hash="8D-2B-C9-5D-5D-AD-9C-FA-9A-37-F0-70-3A-73-F4-32-1A-B1-22-28">
      <Summary numSequencePoints="92" visitedSequencePoints="61" numBranchPoints="55" visitedBranchPoints="35" sequenceCoverage="66.30" branchCoverage="63.64" maxCyclomaticComplexity="10" minCyclomaticComplexity="1" visitedClasses="6" numClasses="7" visitedMethods="18" numMethods="23" />
      <FullName>c:\Repos\nunitexternalsources\nunitexternalsources\test\ExternalTestCaseSource.Tests\bin\Debug\ExternalTestCaseSource.dll</FullName>
      <ModuleName>ExternalTestCaseSource</ModuleName>
      <Files>
        <File uid="1" fullPath="C:\Repos\nunitexternalsources\nunitexternalsources\src\ExternalTestCaseSource\TestCaseSourceBase.cs" />
        <File uid="2" fullPath="C:\Repos\nunitexternalsources\nunitexternalsources\src\ExternalTestCaseSource\TestCaseSourceFile.cs" />
        <File uid="3" fullPath="C:\Repos\nunitexternalsources\nunitexternalsources\src\ExternalTestCaseSource\Helpers\String.cs" />
        <File uid="4" fullPath="C:\Repos\nunitexternalsources\nunitexternalsources\src\ExternalTestCaseSource\Helpers\Resource.cs" />
        <File uid="5" fullPath="C:\Repos\nunitexternalsources\nunitexternalsources\src\ExternalTestCaseSource\Exceptions\AllPropertiesNullOrEmptyException.cs" />
        <File uid="6" fullPath="C:\Repos\nunitexternalsources\nunitexternalsources\src\ExternalTestCaseSource\Exceptions\ResourceNotExistsException.cs" />
        <File uid="7" fullPath="C:\Repos\nunitexternalsources\nunitexternalsources\src\ExternalTestCaseSource\Exceptions\FileNotExistsException.cs" />
      </Files>
      <Classes>
        <Class>
          <Summary numSequencePoints="0" visitedSequencePoints="0" numBranchPoints="0" visitedBranchPoints="0" sequenceCoverage="0" branchCoverage="0" maxCyclomaticComplexity="0" minCyclomaticComplexity="0" visitedClasses="0" numClasses="0" visitedMethods="0" numMethods="0" />
          <FullName>&lt;Module&gt;</FullName>
          <Methods />
        </Class>
        <Class>
          <Summary numSequencePoints="7" visitedSequencePoints="7" numBranchPoints="3" visitedBranchPoints="3" sequenceCoverage="100" branchCoverage="100" maxCyclomaticComplexity="2" minCyclomaticComplexity="1" visitedClasses="1" numClasses="1" visitedMethods="1" numMethods="1" />
          <FullName>NUnitEx.ExternalTestCaseSource.TestCaseSourceBase</FullName>
          <Methods>
            <Method visited="true" cyclomaticComplexity="2" sequenceCoverage="100" branchCoverage="100" isConstructor="false" isStatic="false" isGetter="false" isSetter="false">
              <Summary numSequencePoints="7" visitedSequencePoints="7" numBranchPoints="3" visitedBranchPoints="3" sequenceCoverage="100" branchCoverage="100" maxCyclomaticComplexity="2" minCyclomaticComplexity="2" visitedClasses="0" numClasses="0" visitedMethods="1" numMethods="1" />
              <MetadataToken>100663297</MetadataToken>
              <Name>System.Boolean NUnitEx.ExternalTestCaseSource.TestCaseSourceBase::Install(NUnit.Core.Extensibility.IExtensionHost)</Name>
              <FileRef uid="1" />
              <SequencePoints>
                <SequencePoint vc="2" uspid="1" ordinal="0" offset="0" sl="26" sc="9" el="26" ec="10" bec="0" bev="0" fileid="1" />
                <SequencePoint vc="2" uspid="2" ordinal="1" offset="1" sl="28" sc="13" el="28" ec="82" bec="0" bev="0" fileid="1" />
                <SequencePoint vc="2" uspid="3" ordinal="2" offset="13" sl="30" sc="13" el="30" ec="44" bec="2" bev="2" fileid="1" />
                <SequencePoint vc="1" uspid="4" ordinal="3" offset="21" sl="30" sc="45" el="30" ec="58" bec="0" bev="0" fileid="1" />
                <SequencePoint vc="1" uspid="5" ordinal="4" offset="25" sl="32" sc="13" el="32" ec="46" bec="0" bev="0" fileid="1" />
                <SequencePoint vc="1" uspid="6" ordinal="5" offset="33" sl="33" sc="13" el="33" ec="25" bec="0" bev="0" fileid="1" />
                <SequencePoint vc="2" uspid="7" ordinal="6" offset="37" sl="34" sc="9" el="34" ec="10" bec="0" bev="0" fileid="1" />
              </SequencePoints>
              <BranchPoints>
                <BranchPoint vc="1" uspid="8" ordinal="0" offset="19" sl="30" path="0" offsetend="21" fileid="1" />
                <BranchPoint vc="1" uspid="9" ordinal="1" offset="19" sl="30" path="1" offsetend="25" fileid="1" />
              </BranchPoints>
              <MethodPoint xsi:type="SequencePoint" vc="2" uspid="1" ordinal="0" offset="0" sl="26" sc="9" el="26" ec="10" bec="0" bev="0" fileid="1" />
            </Method>
            <Method visited="true" cyclomaticComplexity="1" sequenceCoverage="0" branchCoverage="0" isConstructor="true" isStatic="false" isGetter="false" isSetter="false">
              <Summary numSequencePoints="0" visitedSequencePoints="0" numBranchPoints="0" visitedBranchPoints="0" sequenceCoverage="0" branchCoverage="0" maxCyclomaticComplexity="1" minCyclomaticComplexity="1" visitedClasses="0" numClasses="0" visitedMethods="0" numMethods="0" />
              <MetadataToken>100663298</MetadataToken>
              <Name>System.Void NUnitEx.ExternalTestCaseSource.TestCaseSourceBase::.ctor()</Name>
              <SequencePoints />
              <BranchPoints />
              <MethodPoint vc="7" uspid="10" ordinal="0" offset="0" />
            </Method>
          </Methods>
        </Class>
        <Class>
          <Summary numSequencePoints="46" visitedSequencePoints="24" numBranchPoints="33" visitedBranchPoints="21" sequenceCoverage="52.17" branchCoverage="63.64" maxCyclomaticComplexity="10" minCyclomaticComplexity="1" visitedClasses="1" numClasses="1" visitedMethods="7" numMethods="11" />
          <FullName>NUnitEx.ExternalTestCaseSource.TestCaseSourceFile</FullName>
          <Methods>
            <Method visited="true" cyclomaticComplexity="1" sequenceCoverage="100" branchCoverage="100" isConstructor="false" isStatic="false" isGetter="true" isSetter="false">
              <Summary numSequencePoints="3" visitedSequencePoints="3" numBranchPoints="1" visitedBranchPoints="1" sequenceCoverage="100" branchCoverage="100" maxCyclomaticComplexity="1" minCyclomaticComplexity="1" visitedClasses="0" numClasses="0" visitedMethods="1" numMethods="1" />
              <MetadataToken>100663299</MetadataToken>
              <Name>System.String NUnitEx.ExternalTestCaseSource.TestCaseSourceFile::get_FileLocation()</Name>
              <FileRef uid="2" />
              <SequencePoints>
                <SequencePoint vc="11" uspid="11" ordinal="0" offset="0" sl="23" sc="17" el="23" ec="18" bec="0" bev="0" fileid="2" />
                <SequencePoint vc="11" uspid="12" ordinal="1" offset="1" sl="23" sc="19" el="23" ec="40" bec="0" bev="0" fileid="2" />
                <SequencePoint vc="11" uspid="13" ordinal="2" offset="10" sl="23" sc="41" el="23" ec="42" bec="0" bev="0" fileid="2" />
              </SequencePoints>
              <BranchPoints />
              <MethodPoint xsi:type="SequencePoint" vc="11" uspid="11" ordinal="0" offset="0" sl="23" sc="17" el="23" ec="18" bec="0" bev="0" fileid="2" />
            </Method>
            <Method visited="true" cyclomaticComplexity="1" sequenceCoverage="100" branchCoverage="100" isConstructor="false" isStatic="false" isGetter="false" isSetter="true">
              <Summary numSequencePoints="3" visitedSequencePoints="3" numBranchPoints="1" visitedBranchPoints="1" sequenceCoverage="100" branchCoverage="100" maxCyclomaticComplexity="1" minCyclomaticComplexity="1" visitedClasses="0" numClasses="0" visitedMethods="1" numMethods="1" />
              <MetadataToken>100663300</MetadataToken>
              <Name>System.Void NUnitEx.ExternalTestCaseSource.TestCaseSourceFile::set_FileLocation(System.String)</Name>
              <FileRef uid="2" />
              <SequencePoints>
                <SequencePoint vc="2" uspid="14" ordinal="0" offset="0" sl="24" sc="17" el="24" ec="18" bec="0" bev="0" fileid="2" />
                <SequencePoint vc="2" uspid="15" ordinal="1" offset="1" sl="24" sc="19" el="24" ec="54" bec="0" bev="0" fileid="2" />
                <SequencePoint vc="2" uspid="16" ordinal="2" offset="13" sl="24" sc="55" el="24" ec="56" bec="0" bev="0" fileid="2" />
              </SequencePoints>
              <BranchPoints />
              <MethodPoint xsi:type="SequencePoint" vc="2" uspid="14" ordinal="0" offset="0" sl="24" sc="17" el="24" ec="18" bec="0" bev="0" fileid="2" />
            </Method>
            <Method visited="true" cyclomaticComplexity="1" sequenceCoverage="100" branchCoverage="100" isConstructor="false" isStatic="false" isGetter="true" isSetter="false">
              <Summary numSequencePoints="1" visitedSequencePoints="1" numBranchPoints="1" visitedBranchPoints="1" sequenceCoverage="100" branchCoverage="100" maxCyclomaticComplexity="1" minCyclomaticComplexity="1" visitedClasses="0" numClasses="0" visitedMethods="1" numMethods="1" />
              <MetadataToken>100663301</MetadataToken>
              <Name>System.Type NUnitEx.ExternalTestCaseSource.TestCaseSourceFile::get_ResourceType()</Name>
              <FileRef uid="2" />
              <SequencePoints>
                <SequencePoint vc="4" uspid="17" ordinal="0" offset="0" sl="30" sc="36" el="30" ec="40" bec="0" bev="0" fileid="2" />
              </SequencePoints>
              <BranchPoints />
              <MethodPoint xsi:type="SequencePoint" vc="4" uspid="17" ordinal="0" offset="0" sl="30" sc="36" el="30" ec="40" bec="0" bev="0" fileid="2" />
            </Method>
            <Method visited="true" cyclomaticComplexity="1" sequenceCoverage="100" branchCoverage="100" isConstructor="false" isStatic="false" isGetter="false" isSetter="true">
              <Summary numSequencePoints="1" visitedSequencePoints="1" numBranchPoints="1" visitedBranchPoints="1" sequenceCoverage="100" branchCoverage="100" maxCyclomaticComplexity="1" minCyclomaticComplexity="1" visitedClasses="0" numClasses="0" visitedMethods="1" numMethods="1" />
              <MetadataToken>100663302</MetadataToken>
              <Name>System.Void NUnitEx.ExternalTestCaseSource.TestCaseSourceFile::set_ResourceType(System.Type)</Name>
              <FileRef uid="2" />
              <SequencePoints>
                <SequencePoint vc="2" uspid="18" ordinal="0" offset="0" sl="30" sc="41" el="30" ec="45" bec="0" bev="0" fileid="2" />
              </SequencePoints>
              <BranchPoints />
              <MethodPoint xsi:type="SequencePoint" vc="2" uspid="18" ordinal="0" offset="0" sl="30" sc="41" el="30" ec="45" bec="0" bev="0" fileid="2" />
            </Method>
            <Method visited="true" cyclomaticComplexity="1" sequenceCoverage="100" branchCoverage="100" isConstructor="false" isStatic="false" isGetter="true" isSetter="false">
              <Summary numSequencePoints="3" visitedSequencePoints="3" numBranchPoints="1" visitedBranchPoints="1" sequenceCoverage="100" branchCoverage="100" maxCyclomaticComplexity="1" minCyclomaticComplexity="1" visitedClasses="0" numClasses="0" visitedMethods="1" numMethods="1" />
              <MetadataToken>100663303</MetadataToken>
              <Name>System.String NUnitEx.ExternalTestCaseSource.TestCaseSourceFile::get_ResourceName()</Name>
              <FileRef uid="2" />
              <SequencePoints>
                <SequencePoint vc="6" uspid="19" ordinal="0" offset="0" sl="37" sc="17" el="37" ec="18" bec="0" bev="0" fileid="2" />
                <SequencePoint vc="6" uspid="20" ordinal="1" offset="1" sl="37" sc="19" el="37" ec="40" bec="0" bev="0" fileid="2" />
                <SequencePoint vc="6" uspid="21" ordinal="2" offset="10" sl="37" sc="41" el="37" ec="42" bec="0" bev="0" fileid="2" />
              </SequencePoints>
              <BranchPoints />
              <MethodPoint xsi:type="SequencePoint" vc="6" uspid="19" ordinal="0" offset="0" sl="37" sc="17" el="37" ec="18" bec="0" bev="0" fileid="2" />
            </Method>
            <Method visited="true" cyclomaticComplexity="1" sequenceCoverage="100" branchCoverage="100" isConstructor="false" isStatic="false" isGetter="false" isSetter="true">
              <Summary numSequencePoints="3" visitedSequencePoints="3" numBranchPoints="1" visitedBranchPoints="1" sequenceCoverage="100" branchCoverage="100" maxCyclomaticComplexity="1" minCyclomaticComplexity="1" visitedClasses="0" numClasses="0" visitedMethods="1" numMethods="1" />
              <MetadataToken>100663304</MetadataToken>
              <Name>System.Void NUnitEx.ExternalTestCaseSource.TestCaseSourceFile::set_ResourceName(System.String)</Name>
              <FileRef uid="2" />
              <SequencePoints>
                <SequencePoint vc="3" uspid="22" ordinal="0" offset="0" sl="38" sc="17" el="38" ec="18" bec="0" bev="0" fileid="2" />
                <SequencePoint vc="3" uspid="23" ordinal="1" offset="1" sl="38" sc="19" el="38" ec="54" bec="0" bev="0" fileid="2" />
                <SequencePoint vc="3" uspid="24" ordinal="2" offset="13" sl="38" sc="55" el="38" ec="56" bec="0" bev="0" fileid="2" />
              </SequencePoints>
              <BranchPoints />
              <MethodPoint xsi:type="SequencePoint" vc="3" uspid="22" ordinal="0" offset="0" sl="38" sc="17" el="38" ec="18" bec="0" bev="0" fileid="2" />
            </Method>
            <Method visited="false" cyclomaticComplexity="1" sequenceCoverage="0" branchCoverage="0" isConstructor="false" isStatic="false" isGetter="true" isSetter="false">
              <Summary numSequencePoints="1" visitedSequencePoints="0" numBranchPoints="1" visitedBranchPoints="0" sequenceCoverage="0" branchCoverage="0" maxCyclomaticComplexity="1" minCyclomaticComplexity="1" visitedClasses="0" numClasses="0" visitedMethods="0" numMethods="1" />
              <MetadataToken>100663307</MetadataToken>
              <Name>NUnitEx.ExternalTestCaseSource.Enums.FileStoreType NUnitEx.ExternalTestCaseSource.TestCaseSourceFile::get_FileStoreType()</Name>
              <FileRef uid="2" />
              <SequencePoints>
                <SequencePoint vc="0" uspid="25" ordinal="0" offset="0" sl="104" sc="49" el="104" ec="53" bec="0" bev="0" fileid="2" />
              </SequencePoints>
              <BranchPoints />
              <MethodPoint xsi:type="SequencePoint" vc="0" uspid="25" ordinal="0" offset="0" sl="104" sc="49" el="104" ec="53" bec="0" bev="0" fileid="2" />
            </Method>
            <Method visited="false" cyclomaticComplexity="1" sequenceCoverage="0" branchCoverage="0" isConstructor="false" isStatic="false" isGetter="false" isSetter="true">
              <Summary numSequencePoints="1" visitedSequencePoints="0" numBranchPoints="1" visitedBranchPoints="0" sequenceCoverage="0" branchCoverage="0" maxCyclomaticComplexity="1" minCyclomaticComplexity="1" visitedClasses="0" numClasses="0" visitedMethods="0" numMethods="1" />
              <MetadataToken>100663308</MetadataToken>
              <Name>System.Void NUnitEx.ExternalTestCaseSource.TestCaseSourceFile::set_FileStoreType(NUnitEx.ExternalTestCaseSource.Enums.FileStoreType)</Name>
              <FileRef uid="2" />
              <SequencePoints>
                <SequencePoint vc="0" uspid="26" ordinal="0" offset="0" sl="104" sc="54" el="104" ec="58" bec="0" bev="0" fileid="2" />
              </SequencePoints>
              <BranchPoints />
              <MethodPoint xsi:type="SequencePoint" vc="0" uspid="26" ordinal="0" offset="0" sl="104" sc="54" el="104" ec="58" bec="0" bev="0" fileid="2" />
            </Method>
            <Method visited="false" cyclomaticComplexity="3" sequenceCoverage="0" branchCoverage="0" isConstructor="false" isStatic="false" isGetter="false" isSetter="false">
              <Summary numSequencePoints="15" visitedSequencePoints="0" numBranchPoints="5" visitedBranchPoints="0" sequenceCoverage="0" branchCoverage="0" maxCyclomaticComplexity="3" minCyclomaticComplexity="3" visitedClasses="0" numClasses="0" visitedMethods="0" numMethods="1" />
              <MetadataToken>100663305</MetadataToken>
              <Name>System.Boolean NUnitEx.ExternalTestCaseSource.TestCaseSourceFile::CheckAttribute(System.Reflection.MethodInfo)</Name>
              <FileRef uid="2" />
              <SequencePoints>
                <SequencePoint vc="0" uspid="27" ordinal="0" offset="0" sl="52" sc="9" el="52" ec="10" bec="0" bev="0" fileid="2" />
                <SequencePoint vc="0" uspid="28" ordinal="1" offset="1" sl="54" sc="13" el="54" ec="63" bec="0" bev="0" fileid="2" />
                <SequencePoint vc="0" uspid="29" ordinal="2" offset="9" sl="55" sc="13" el="55" ec="20" bec="0" bev="0" fileid="2" />
                <SequencePoint vc="0" uspid="30" ordinal="3" offset="10" sl="55" sc="45" el="55" ec="55" bec="0" bev="0" fileid="2" />
                <SequencePoint vc="0" uspid="31" ordinal="4" offset="16" sl="55" sc="22" el="55" ec="41" bec="0" bev="0" fileid="2" />
                <SequencePoint vc="0" uspid="32" ordinal="5" offset="25" sl="56" sc="13" el="56" ec="14" bec="0" bev="0" fileid="2" />
                <SequencePoint vc="0" uspid="33" ordinal="6" offset="26" sl="57" sc="17" el="57" ec="39" bec="2" bev="0" fileid="2" />
                <SequencePoint vc="0" uspid="34" ordinal="7" offset="44" sl="57" sc="40" el="57" ec="49" bec="0" bev="0" fileid="2" />
                <SequencePoint vc="0" uspid="35" ordinal="8" offset="46" sl="60" sc="17" el="60" ec="60" bec="0" bev="0" fileid="2" />
                <SequencePoint vc="0" uspid="36" ordinal="9" offset="69" sl="61" sc="17" el="61" ec="60" bec="0" bev="0" fileid="2" />
                <SequencePoint vc="0" uspid="37" ordinal="10" offset="92" sl="62" sc="17" el="62" ec="60" bec="0" bev="0" fileid="2" />
                <SequencePoint vc="0" uspid="38" ordinal="11" offset="115" sl="63" sc="17" el="63" ec="29" bec="0" bev="0" fileid="2" />
                <SequencePoint vc="0" uspid="39" ordinal="12" offset="124" sl="55" sc="42" el="55" ec="44" bec="2" bev="0" fileid="2" />
                <SequencePoint vc="0" uspid="40" ordinal="13" offset="130" sl="66" sc="13" el="66" ec="26" bec="0" bev="0" fileid="2" />
                <SequencePoint vc="0" uspid="41" ordinal="14" offset="135" sl="67" sc="9" el="67" ec="10" bec="0" bev="0" fileid="2" />
              </SequencePoints>
              <BranchPoints>
                <BranchPoint vc="0" uspid="42" ordinal="0" offset="42" sl="57" path="0" offsetchain="44" offsetend="120" fileid="2" />
                <BranchPoint vc="0" uspid="43" ordinal="1" offset="42" sl="57" path="1" offsetend="46" fileid="2" />
                <BranchPoint vc="0" uspid="44" ordinal="2" offset="128" sl="55" path="0" offsetend="130" fileid="2" />
                <BranchPoint vc="0" uspid="45" ordinal="3" offset="128" sl="55" path="1" offsetend="16" fileid="2" />
              </BranchPoints>
              <MethodPoint xsi:type="SequencePoint" vc="0" uspid="27" ordinal="0" offset="0" sl="52" sc="9" el="52" ec="10" bec="0" bev="0" fileid="2" />
            </Method>
            <Method visited="true" cyclomaticComplexity="10" sequenceCoverage="83.33" branchCoverage="88.24" isConstructor="false" isStatic="false" isGetter="false" isSetter="false">
              <Summary numSequencePoints="12" visitedSequencePoints="10" numBranchPoints="17" visitedBranchPoints="15" sequenceCoverage="83.33" branchCoverage="88.24" maxCyclomaticComplexity="10" minCyclomaticComplexity="10" visitedClasses="0" numClasses="0" visitedMethods="1" numMethods="1" />
              <MetadataToken>100663306</MetadataToken>
              <Name>System.Void NUnitEx.ExternalTestCaseSource.TestCaseSourceFile::CheckAttributeProperties()</Name>
              <FileRef uid="2" />
              <SequencePoints>
                <SequencePoint vc="5" uspid="46" ordinal="0" offset="0" sl="73" sc="9" el="73" ec="10" bec="0" bev="0" fileid="2" />
                <SequencePoint vc="5" uspid="47" ordinal="1" offset="1" sl="75" sc="13" el="75" ec="114" bec="5" bev="5" fileid="2" />
                <SequencePoint vc="2" uspid="48" ordinal="2" offset="43" sl="76" sc="13" el="76" ec="14" bec="0" bev="0" fileid="2" />
                <SequencePoint vc="2" uspid="49" ordinal="3" offset="44" sl="77" sc="17" el="77" ec="98" bec="0" bev="0" fileid="2" />
                <SequencePoint vc="3" uspid="50" ordinal="4" offset="55" sl="81" sc="13" el="81" ec="83" bec="4" bev="4" fileid="2" />
                <SequencePoint vc="1" uspid="51" ordinal="5" offset="89" sl="82" sc="13" el="82" ec="14" bec="0" bev="0" fileid="2" />
                <SequencePoint vc="1" uspid="52" ordinal="6" offset="90" sl="83" sc="17" el="83" ec="75" bec="0" bev="0" fileid="2" />
                <SequencePoint vc="2" uspid="53" ordinal="7" offset="101" sl="87" sc="13" el="87" ec="116" bec="6" bev="4" fileid="2" />
                <SequencePoint vc="2" uspid="54" ordinal="8" offset="146" sl="88" sc="13" el="88" ec="14" bec="0" bev="0" fileid="2" />
                <SequencePoint vc="2" uspid="55" ordinal="9" offset="147" sl="89" sc="17" el="89" ec="83" bec="0" bev="0" fileid="2" />
                <SequencePoint vc="0" uspid="56" ordinal="10" offset="158" sl="93" sc="13" el="93" ec="32" bec="0" bev="0" fileid="2" />
                <SequencePoint vc="0" uspid="57" ordinal="11" offset="165" sl="94" sc="9" el="94" ec="10" bec="0" bev="0" fileid="2" />
              </SequencePoints>
              <BranchPoints>
                <BranchPoint vc="4" uspid="58" ordinal="0" offset="12" sl="75" path="0" offsetend="14" fileid="2" />
                <BranchPoint vc="2" uspid="59" ordinal="1" offset="12" sl="75" path="1" offsetend="38" fileid="2" />
                <BranchPoint vc="3" uspid="60" ordinal="2" offset="25" sl="75" path="0" offsetend="27" fileid="2" />
                <BranchPoint vc="1" uspid="61" ordinal="3" offset="25" sl="75" path="1" offsetend="38" fileid="2" />
                <BranchPoint vc="2" uspid="62" ordinal="4" offset="41" sl="75" path="0" offsetend="43" fileid="2" />
                <BranchPoint vc="3" uspid="63" ordinal="5" offset="41" sl="75" path="1" offsetend="55" fileid="2" />
                <BranchPoint vc="1" uspid="64" ordinal="6" offset="66" sl="81" path="0" offsetend="68" fileid="2" />
                <BranchPoint vc="2" uspid="65" ordinal="7" offset="66" sl="81" path="1" offsetend="84" fileid="2" />
                <BranchPoint vc="1" uspid="66" ordinal="8" offset="87" sl="81" path="0" offsetend="89" fileid="2" />
                <BranchPoint vc="2" uspid="67" ordinal="9" offset="87" sl="81" path="1" offsetend="101" fileid="2" />
                <BranchPoint vc="2" uspid="68" ordinal="10" offset="112" sl="87" path="0" offsetend="114" fileid="2" />
                <BranchPoint vc="0" uspid="69" ordinal="11" offset="112" sl="87" path="1" offsetend="141" fileid="2" />
                <BranchPoint vc="1" uspid="70" ordinal="12" offset="125" sl="87" path="0" offsetend="127" fileid="2" />
                <BranchPoint vc="1" uspid="71" ordinal="13" offset="125" sl="87" path="1" offsetend="138" fileid="2" />
                <BranchPoint vc="2" uspid="72" ordinal="14" offset="144" sl="87" path="0" offsetend="146" fileid="2" />
                <BranchPoint vc="0" uspid="73" ordinal="15" offset="144" sl="87" path="1" offsetend="158" fileid="2" />
              </BranchPoints>
              <MethodPoint xsi:type="SequencePoint" vc="5" uspid="46" ordinal="0" offset="0" sl="73" sc="9" el="73" ec="10" bec="0" bev="0" fileid="2" />
            </Method>
            <Method visited="false" cyclomaticComplexity="3" sequenceCoverage="0" branchCoverage="0" isConstructor="false" isStatic="false" isGetter="false" isSetter="false">
              <Summary numSequencePoints="3" visitedSequencePoints="0" numBranchPoints="3" visitedBranchPoints="0" sequenceCoverage="0" branchCoverage="0" maxCyclomaticComplexity="3" minCyclomaticComplexity="3" visitedClasses="0" numClasses="0" visitedMethods="0" numMethods="1" />
              <MetadataToken>100663309</MetadataToken>
              <Name>System.Void NUnitEx.ExternalTestCaseSource.TestCaseSourceFile::CheckStorageType()</Name>
              <FileRef uid="2" />
              <SequencePoints>
                <SequencePoint vc="0" uspid="74" ordinal="0" offset="0" sl="115" sc="9" el="115" ec="10" bec="0" bev="0" fileid="2" />
                <SequencePoint vc="0" uspid="75" ordinal="1" offset="1" sl="116" sc="13" el="116" ec="116" bec="2" bev="0" fileid="2" />
                <SequencePoint vc="0" uspid="76" ordinal="2" offset="25" sl="117" sc="9" el="117" ec="10" bec="0" bev="0" fileid="2" />
              </SequencePoints>
              <BranchPoints>
                <BranchPoint vc="0" uspid="77" ordinal="0" offset="13" sl="116" path="0" offsetend="15" fileid="2" />
                <BranchPoint vc="0" uspid="78" ordinal="1" offset="13" sl="116" path="1" offsetend="18" fileid="2" />
              </BranchPoints>
              <MethodPoint xsi:type="SequencePoint" vc="0" uspid="74" ordinal="0" offset="0" sl="115" sc="9" el="115" ec="10" bec="0" bev="0" fileid="2" />
            </Method>
            <Method visited="true" cyclomaticComplexity="1" sequenceCoverage="0" branchCoverage="0" isConstructor="true" isStatic="false" isGetter="false" isSetter="false">
              <Summary numSequencePoints="0" visitedSequencePoints="0" numBranchPoints="0" visitedBranchPoints="0" sequenceCoverage="0" branchCoverage="0" maxCyclomaticComplexity="1" minCyclomaticComplexity="1" visitedClasses="0" numClasses="0" visitedMethods="0" numMethods="0" />
              <MetadataToken>100663310</MetadataToken>
              <Name>System.Void NUnitEx.ExternalTestCaseSource.TestCaseSourceFile::.ctor()</Name>
              <SequencePoints />
              <BranchPoints />
              <MethodPoint vc="7" uspid="79" ordinal="0" offset="0" />
            </Method>
          </Methods>
        </Class>
        <Class>
          <Summary numSequencePoints="3" visitedSequencePoints="3" numBranchPoints="3" visitedBranchPoints="2" sequenceCoverage="100" branchCoverage="66.67" maxCyclomaticComplexity="3" minCyclomaticComplexity="3" visitedClasses="1" numClasses="1" visitedMethods="1" numMethods="1" />
          <FullName>NUnitEx.ExternalTestCaseSource.Helpers.String</FullName>
          <Methods>
            <Method visited="true" cyclomaticComplexity="3" sequenceCoverage="100" branchCoverage="66.67" isConstructor="false" isStatic="true" isGetter="false" isSetter="false">
              <Summary numSequencePoints="3" visitedSequencePoints="3" numBranchPoints="3" visitedBranchPoints="2" sequenceCoverage="100" branchCoverage="66.67" maxCyclomaticComplexity="3" minCyclomaticComplexity="3" visitedClasses="0" numClasses="0" visitedMethods="1" numMethods="1" />
              <MetadataToken>100663311</MetadataToken>
              <Name>System.String NUnitEx.ExternalTestCaseSource.Helpers.String::Trim(System.String)</Name>
              <FileRef uid="3" />
              <SequencePoints>
                <SequencePoint vc="5" uspid="80" ordinal="0" offset="0" sl="14" sc="9" el="14" ec="10" bec="0" bev="0" fileid="3" />
                <SequencePoint vc="5" uspid="81" ordinal="1" offset="1" sl="15" sc="13" el="15" ec="32" bec="2" bev="1" fileid="3" />
                <SequencePoint vc="5" uspid="82" ordinal="2" offset="16" sl="16" sc="9" el="16" ec="10" bec="0" bev="0" fileid="3" />
              </SequencePoints>
              <BranchPoints>
                <BranchPoint vc="0" uspid="83" ordinal="0" offset="2" sl="15" path="0" offsetend="4" fileid="3" />
                <BranchPoint vc="5" uspid="84" ordinal="1" offset="2" sl="15" path="1" offsetend="7" fileid="3" />
              </BranchPoints>
              <MethodPoint xsi:type="SequencePoint" vc="5" uspid="80" ordinal="0" offset="0" sl="14" sc="9" el="14" ec="10" bec="0" bev="0" fileid="3" />
            </Method>
          </Methods>
        </Class>
        <Class>
          <Summary numSequencePoints="9" visitedSequencePoints="0" numBranchPoints="7" visitedBranchPoints="0" sequenceCoverage="0" branchCoverage="0" maxCyclomaticComplexity="4" minCyclomaticComplexity="4" visitedClasses="0" numClasses="1" visitedMethods="0" numMethods="1" />
          <FullName>NUnitEx.ExternalTestCaseSource.Helpers.Resource</FullName>
          <Methods>
            <Method visited="false" cyclomaticComplexity="4" sequenceCoverage="0" branchCoverage="0" isConstructor="false" isStatic="true" isGetter="false" isSetter="false">
              <Summary numSequencePoints="9" visitedSequencePoints="0" numBranchPoints="7" visitedBranchPoints="0" sequenceCoverage="0" branchCoverage="0" maxCyclomaticComplexity="4" minCyclomaticComplexity="4" visitedClasses="0" numClasses="0" visitedMethods="0" numMethods="1" />
              <MetadataToken>100663312</MetadataToken>
              <Name>T NUnitEx.ExternalTestCaseSource.Helpers.Resource::GetResourceLookup(System.Type,System.String)</Name>
              <FileRef uid="4" />
              <SequencePoints>
                <SequencePoint vc="0" uspid="85" ordinal="0" offset="0" sl="19" sc="9" el="19" ec="10" bec="0" bev="0" fileid="4" />
                <SequencePoint vc="0" uspid="86" ordinal="1" offset="1" sl="20" sc="13" el="20" ec="66" bec="4" bev="0" fileid="4" />
                <SequencePoint vc="0" uspid="87" ordinal="2" offset="15" sl="20" sc="67" el="20" ec="85" bec="0" bev="0" fileid="4" />
                <SequencePoint vc="0" uspid="88" ordinal="3" offset="27" sl="22" sc="13" el="23" ec="65" bec="0" bev="0" fileid="4" />
                <SequencePoint vc="0" uspid="89" ordinal="4" offset="37" sl="24" sc="13" el="24" ec="34" bec="2" bev="0" fileid="4" />
                <SequencePoint vc="0" uspid="90" ordinal="5" offset="47" sl="25" sc="13" el="25" ec="14" bec="0" bev="0" fileid="4" />
                <SequencePoint vc="0" uspid="91" ordinal="6" offset="48" sl="26" sc="17" el="26" ec="35" bec="0" bev="0" fileid="4" />
                <SequencePoint vc="0" uspid="92" ordinal="7" offset="60" sl="29" sc="13" el="29" ec="53" bec="0" bev="0" fileid="4" />
                <SequencePoint vc="0" uspid="93" ordinal="8" offset="76" sl="30" sc="9" el="30" ec="10" bec="0" bev="0" fileid="4" />
              </SequencePoints>
              <BranchPoints>
                <BranchPoint vc="0" uspid="94" ordinal="0" offset="2" sl="20" path="0" offsetend="4" fileid="4" />
                <BranchPoint vc="0" uspid="95" ordinal="1" offset="2" sl="20" path="1" offsetend="10" fileid="4" />
                <BranchPoint vc="0" uspid="96" ordinal="2" offset="13" sl="20" path="0" offsetend="15" fileid="4" />
                <BranchPoint vc="0" uspid="97" ordinal="3" offset="13" sl="20" path="1" offsetend="27" fileid="4" />
                <BranchPoint vc="0" uspid="98" ordinal="4" offset="45" sl="24" path="0" offsetend="47" fileid="4" />
                <BranchPoint vc="0" uspid="99" ordinal="5" offset="45" sl="24" path="1" offsetend="60" fileid="4" />
              </BranchPoints>
              <MethodPoint xsi:type="SequencePoint" vc="0" uspid="85" ordinal="0" offset="0" sl="19" sc="9" el="19" ec="10" bec="0" bev="0" fileid="4" />
            </Method>
          </Methods>
        </Class>
        <Class>
          <Summary numSequencePoints="9" visitedSequencePoints="9" numBranchPoints="3" visitedBranchPoints="3" sequenceCoverage="100" branchCoverage="100" maxCyclomaticComplexity="1" minCyclomaticComplexity="1" visitedClasses="1" numClasses="1" visitedMethods="3" numMethods="3" />
          <FullName>NUnitEx.ExternalTestCaseSource.Exceptions.AllPropertiesNullOrEmptyException</FullName>
          <Methods>
            <Method visited="true" cyclomaticComplexity="1" sequenceCoverage="100" branchCoverage="100" isConstructor="true" isStatic="false" isGetter="false" isSetter="false">
              <Summary numSequencePoints="3" visitedSequencePoints="3" numBranchPoints="1" visitedBranchPoints="1" sequenceCoverage="100" branchCoverage="100" maxCyclomaticComplexity="1" minCyclomaticComplexity="1" visitedClasses="0" numClasses="0" visitedMethods="1" numMethods="1" />
              <MetadataToken>100663313</MetadataToken>
              <Name>System.Void NUnitEx.ExternalTestCaseSource.Exceptions.AllPropertiesNullOrEmptyException::.ctor()</Name>
              <FileRef uid="5" />
              <SequencePoints>
                <SequencePoint vc="1" uspid="100" ordinal="0" offset="0" sl="16" sc="9" el="16" ec="51" bec="0" bev="0" fileid="5" />
                <SequencePoint vc="1" uspid="101" ordinal="1" offset="7" sl="17" sc="9" el="17" ec="10" bec="0" bev="0" fileid="5" />
                <SequencePoint vc="1" uspid="102" ordinal="2" offset="8" sl="18" sc="9" el="18" ec="10" bec="0" bev="0" fileid="5" />
              </SequencePoints>
              <BranchPoints />
              <MethodPoint xsi:type="SequencePoint" vc="1" uspid="100" ordinal="0" offset="0" sl="16" sc="9" el="16" ec="51" bec="0" bev="0" fileid="5" />
            </Method>
            <Method visited="true" cyclomaticComplexity="1" sequenceCoverage="100" branchCoverage="100" isConstructor="true" isStatic="false" isGetter="false" isSetter="false">
              <Summary numSequencePoints="3" visitedSequencePoints="3" numBranchPoints="1" visitedBranchPoints="1" sequenceCoverage="100" branchCoverage="100" maxCyclomaticComplexity="1" minCyclomaticComplexity="1" visitedClasses="0" numClasses="0" visitedMethods="1" numMethods="1" />
              <MetadataToken>100663314</MetadataToken>
              <Name>System.Void NUnitEx.ExternalTestCaseSource.Exceptions.AllPropertiesNullOrEmptyException::.ctor(System.String)</Name>
              <FileRef uid="5" />
              <SequencePoints>
                <SequencePoint vc="3" uspid="103" ordinal="0" offset="0" sl="26" sc="68" el="26" ec="81" bec="0" bev="0" fileid="5" />
                <SequencePoint vc="3" uspid="104" ordinal="1" offset="8" sl="27" sc="9" el="27" ec="10" bec="0" bev="0" fileid="5" />
                <SequencePoint vc="3" uspid="105" ordinal="2" offset="9" sl="28" sc="9" el="28" ec="10" bec="0" bev="0" fileid="5" />
              </SequencePoints>
              <BranchPoints />
              <MethodPoint xsi:type="SequencePoint" vc="3" uspid="103" ordinal="0" offset="0" sl="26" sc="68" el="26" ec="81" bec="0" bev="0" fileid="5" />
            </Method>
            <Method visited="true" cyclomaticComplexity="1" sequenceCoverage="100" branchCoverage="100" isConstructor="true" isStatic="false" isGetter="false" isSetter="false">
              <Summary numSequencePoints="3" visitedSequencePoints="3" numBranchPoints="1" visitedBranchPoints="1" sequenceCoverage="100" branchCoverage="100" maxCyclomaticComplexity="1" minCyclomaticComplexity="1" visitedClasses="0" numClasses="0" visitedMethods="1" numMethods="1" />
              <MetadataToken>100663315</MetadataToken>
              <Name>System.Void NUnitEx.ExternalTestCaseSource.Exceptions.AllPropertiesNullOrEmptyException::.ctor(System.String,System.Exception)</Name>
              <FileRef uid="5" />
              <SequencePoints>
                <SequencePoint vc="1" uspid="106" ordinal="0" offset="0" sl="39" sc="15" el="39" ec="44" bec="0" bev="0" fileid="5" />
                <SequencePoint vc="1" uspid="107" ordinal="1" offset="9" sl="40" sc="9" el="40" ec="10" bec="0" bev="0" fileid="5" />
                <SequencePoint vc="1" uspid="108" ordinal="2" offset="10" sl="41" sc="9" el="41" ec="10" bec="0" bev="0" fileid="5" />
              </SequencePoints>
              <BranchPoints />
              <MethodPoint xsi:type="SequencePoint" vc="1" uspid="106" ordinal="0" offset="0" sl="39" sc="15" el="39" ec="44" bec="0" bev="0" fileid="5" />
            </Method>
          </Methods>
        </Class>
        <Class>
          <Summary numSequencePoints="9" visitedSequencePoints="9" numBranchPoints="3" visitedBranchPoints="3" sequenceCoverage="100" branchCoverage="100" maxCyclomaticComplexity="1" minCyclomaticComplexity="1" visitedClasses="1" numClasses="1" visitedMethods="3" numMethods="3" />
          <FullName>NUnitEx.ExternalTestCaseSource.Exceptions.ResourceNotExistsException</FullName>
          <Methods>
            <Method visited="true" cyclomaticComplexity="1" sequenceCoverage="100" branchCoverage="100" isConstructor="true" isStatic="false" isGetter="false" isSetter="false">
              <Summary numSequencePoints="3" visitedSequencePoints="3" numBranchPoints="1" visitedBranchPoints="1" sequenceCoverage="100" branchCoverage="100" maxCyclomaticComplexity="1" minCyclomaticComplexity="1" visitedClasses="0" numClasses="0" visitedMethods="1" numMethods="1" />
              <MetadataToken>100663316</MetadataToken>
              <Name>System.Void NUnitEx.ExternalTestCaseSource.Exceptions.ResourceNotExistsException::.ctor()</Name>
              <FileRef uid="6" />
              <SequencePoints>
                <SequencePoint vc="1" uspid="109" ordinal="0" offset="0" sl="16" sc="9" el="16" ec="44" bec="0" bev="0" fileid="6" />
                <SequencePoint vc="1" uspid="110" ordinal="1" offset="7" sl="17" sc="9" el="17" ec="10" bec="0" bev="0" fileid="6" />
                <SequencePoint vc="1" uspid="111" ordinal="2" offset="8" sl="18" sc="9" el="18" ec="10" bec="0" bev="0" fileid="6" />
              </SequencePoints>
              <BranchPoints />
              <MethodPoint xsi:type="SequencePoint" vc="1" uspid="109" ordinal="0" offset="0" sl="16" sc="9" el="16" ec="44" bec="0" bev="0" fileid="6" />
            </Method>
            <Method visited="true" cyclomaticComplexity="1" sequenceCoverage="100" branchCoverage="100" isConstructor="true" isStatic="false" isGetter="false" isSetter="false">
              <Summary numSequencePoints="3" visitedSequencePoints="3" numBranchPoints="1" visitedBranchPoints="1" sequenceCoverage="100" branchCoverage="100" maxCyclomaticComplexity="1" minCyclomaticComplexity="1" visitedClasses="0" numClasses="0" visitedMethods="1" numMethods="1" />
              <MetadataToken>100663317</MetadataToken>
              <Name>System.Void NUnitEx.ExternalTestCaseSource.Exceptions.ResourceNotExistsException::.ctor(System.String)</Name>
              <FileRef uid="6" />
              <SequencePoints>
                <SequencePoint vc="3" uspid="112" ordinal="0" offset="0" sl="26" sc="61" el="26" ec="74" bec="0" bev="0" fileid="6" />
                <SequencePoint vc="3" uspid="113" ordinal="1" offset="8" sl="27" sc="9" el="27" ec="10" bec="0" bev="0" fileid="6" />
                <SequencePoint vc="3" uspid="114" ordinal="2" offset="9" sl="28" sc="9" el="28" ec="10" bec="0" bev="0" fileid="6" />
              </SequencePoints>
              <BranchPoints />
              <MethodPoint xsi:type="SequencePoint" vc="3" uspid="112" ordinal="0" offset="0" sl="26" sc="61" el="26" ec="74" bec="0" bev="0" fileid="6" />
            </Method>
            <Method visited="true" cyclomaticComplexity="1" sequenceCoverage="100" branchCoverage="100" isConstructor="true" isStatic="false" isGetter="false" isSetter="false">
              <Summary numSequencePoints="3" visitedSequencePoints="3" numBranchPoints="1" visitedBranchPoints="1" sequenceCoverage="100" branchCoverage="100" maxCyclomaticComplexity="1" minCyclomaticComplexity="1" visitedClasses="0" numClasses="0" visitedMethods="1" numMethods="1" />
              <MetadataToken>100663318</MetadataToken>
              <Name>System.Void NUnitEx.ExternalTestCaseSource.Exceptions.ResourceNotExistsException::.ctor(System.String,System.Exception)</Name>
              <FileRef uid="6" />
              <SequencePoints>
                <SequencePoint vc="1" uspid="115" ordinal="0" offset="0" sl="39" sc="15" el="39" ec="44" bec="0" bev="0" fileid="6" />
                <SequencePoint vc="1" uspid="116" ordinal="1" offset="9" sl="40" sc="9" el="40" ec="10" bec="0" bev="0" fileid="6" />
                <SequencePoint vc="1" uspid="117" ordinal="2" offset="10" sl="41" sc="9" el="41" ec="10" bec="0" bev="0" fileid="6" />
              </SequencePoints>
              <BranchPoints />
              <MethodPoint xsi:type="SequencePoint" vc="1" uspid="115" ordinal="0" offset="0" sl="39" sc="15" el="39" ec="44" bec="0" bev="0" fileid="6" />
            </Method>
          </Methods>
        </Class>
        <Class>
          <Summary numSequencePoints="9" visitedSequencePoints="9" numBranchPoints="3" visitedBranchPoints="3" sequenceCoverage="100" branchCoverage="100" maxCyclomaticComplexity="1" minCyclomaticComplexity="1" visitedClasses="1" numClasses="1" visitedMethods="3" numMethods="3" />
          <FullName>NUnitEx.ExternalTestCaseSource.Exceptions.FileNotExistsException</FullName>
          <Methods>
            <Method visited="true" cyclomaticComplexity="1" sequenceCoverage="100" branchCoverage="100" isConstructor="true" isStatic="false" isGetter="false" isSetter="false">
              <Summary numSequencePoints="3" visitedSequencePoints="3" numBranchPoints="1" visitedBranchPoints="1" sequenceCoverage="100" branchCoverage="100" maxCyclomaticComplexity="1" minCyclomaticComplexity="1" visitedClasses="0" numClasses="0" visitedMethods="1" numMethods="1" />
              <MetadataToken>100663319</MetadataToken>
              <Name>System.Void NUnitEx.ExternalTestCaseSource.Exceptions.FileNotExistsException::.ctor()</Name>
              <FileRef uid="7" />
              <SequencePoints>
                <SequencePoint vc="1" uspid="118" ordinal="0" offset="0" sl="16" sc="9" el="16" ec="40" bec="0" bev="0" fileid="7" />
                <SequencePoint vc="1" uspid="119" ordinal="1" offset="7" sl="17" sc="9" el="17" ec="10" bec="0" bev="0" fileid="7" />
                <SequencePoint vc="1" uspid="120" ordinal="2" offset="8" sl="18" sc="9" el="18" ec="10" bec="0" bev="0" fileid="7" />
              </SequencePoints>
              <BranchPoints />
              <MethodPoint xsi:type="SequencePoint" vc="1" uspid="118" ordinal="0" offset="0" sl="16" sc="9" el="16" ec="40" bec="0" bev="0" fileid="7" />
            </Method>
            <Method visited="true" cyclomaticComplexity="1" sequenceCoverage="100" branchCoverage="100" isConstructor="true" isStatic="false" isGetter="false" isSetter="false">
              <Summary numSequencePoints="3" visitedSequencePoints="3" numBranchPoints="1" visitedBranchPoints="1" sequenceCoverage="100" branchCoverage="100" maxCyclomaticComplexity="1" minCyclomaticComplexity="1" visitedClasses="0" numClasses="0" visitedMethods="1" numMethods="1" />
              <MetadataToken>100663320</MetadataToken>
              <Name>System.Void NUnitEx.ExternalTestCaseSource.Exceptions.FileNotExistsException::.ctor(System.String)</Name>
              <FileRef uid="7" />
              <SequencePoints>
                <SequencePoint vc="2" uspid="121" ordinal="0" offset="0" sl="26" sc="57" el="26" ec="70" bec="0" bev="0" fileid="7" />
                <SequencePoint vc="2" uspid="122" ordinal="1" offset="8" sl="27" sc="9" el="27" ec="10" bec="0" bev="0" fileid="7" />
                <SequencePoint vc="2" uspid="123" ordinal="2" offset="9" sl="28" sc="9" el="28" ec="10" bec="0" bev="0" fileid="7" />
              </SequencePoints>
              <BranchPoints />
              <MethodPoint xsi:type="SequencePoint" vc="2" uspid="121" ordinal="0" offset="0" sl="26" sc="57" el="26" ec="70" bec="0" bev="0" fileid="7" />
            </Method>
            <Method visited="true" cyclomaticComplexity="1" sequenceCoverage="100" branchCoverage="100" isConstructor="true" isStatic="false" isGetter="false" isSetter="false">
              <Summary numSequencePoints="3" visitedSequencePoints="3" numBranchPoints="1" visitedBranchPoints="1" sequenceCoverage="100" branchCoverage="100" maxCyclomaticComplexity="1" minCyclomaticComplexity="1" visitedClasses="0" numClasses="0" visitedMethods="1" numMethods="1" />
              <MetadataToken>100663321</MetadataToken>
              <Name>System.Void NUnitEx.ExternalTestCaseSource.Exceptions.FileNotExistsException::.ctor(System.String,System.Exception)</Name>
              <FileRef uid="7" />
              <SequencePoints>
                <SequencePoint vc="1" uspid="124" ordinal="0" offset="0" sl="39" sc="15" el="39" ec="44" bec="0" bev="0" fileid="7" />
                <SequencePoint vc="1" uspid="125" ordinal="1" offset="9" sl="40" sc="9" el="40" ec="10" bec="0" bev="0" fileid="7" />
                <SequencePoint vc="1" uspid="126" ordinal="2" offset="10" sl="41" sc="9" el="41" ec="10" bec="0" bev="0" fileid="7" />
              </SequencePoints>
              <BranchPoints />
              <MethodPoint xsi:type="SequencePoint" vc="1" uspid="124" ordinal="0" offset="0" sl="39" sc="15" el="39" ec="44" bec="0" bev="0" fileid="7" />
            </Method>
          </Methods>
        </Class>
      </Classes>
    </Module>
    <Module skippedDueTo="MissingPdb" hash="F2-ED-FF-09-01-C9-D7-BC-29-AC-A6-93-C5-97-8A-0D-43-DD-8D-F2">
      <FullName>C:\Repos\nunitexternalsources\nunitexternalsources\packages\NUnit.Runners.2.6.4\tools\lib\nunit-console-runner.dll</FullName>
      <ModuleName>nunit-console-runner</ModuleName>
      <Classes />
    </Module>
    <Module skippedDueTo="Filter" hash="3E-C4-6D-26-F3-07-93-45-B2-C1-FE-00-DA-ED-07-22-5F-A8-E6-93">
      <FullName>C:\WINDOWS\Microsoft.Net\assembly\GAC_MSIL\System.Runtime.Remoting\v4.0_4.0.0.0__b77a5c561934e089\System.Runtime.Remoting.dll</FullName>
      <ModuleName>System.Runtime.Remoting</ModuleName>
      <Classes />
    </Module>
    <Module skippedDueTo="Filter" hash="35-E9-46-2A-74-7E-97-F3-30-6A-54-64-87-BC-30-0C-76-42-05-6B">
      <FullName>C:\WINDOWS\Microsoft.Net\assembly\GAC_MSIL\System.Configuration\v4.0_4.0.0.0__b03f5f7f11d50a3a\System.Configuration.dll</FullName>
      <ModuleName>System.Configuration</ModuleName>
      <Classes />
    </Module>
    <Module skippedDueTo="Filter" hash="75-21-73-F7-19-DB-C9-14-68-D8-F2-4C-82-EF-EA-8D-7F-C1-16-47">
      <FullName>C:\WINDOWS\Microsoft.Net\assembly\GAC_MSIL\System.Xml\v4.0_4.0.0.0__b77a5c561934e089\System.Xml.dll</FullName>
      <ModuleName>System.Xml</ModuleName>
      <Classes />
    </Module>
    <Module hash="2D-8F-A5-27-10-4C-AB-69-A8-C7-F2-F1-23-99-A6-59-20-1E-21-F9">
      <Summary numSequencePoints="42" visitedSequencePoints="2" numBranchPoints="17" visitedBranchPoints="1" sequenceCoverage="4.76" branchCoverage="5.88" maxCyclomaticComplexity="7" minCyclomaticComplexity="1" visitedClasses="1" numClasses="1" visitedMethods="1" numMethods="3" />
      <FullName>c:\Repos\nunitexternalsources\nunitexternalsources\test\ExternalTestCaseSource.Tests\bin\Debug\ExternalTestCaseSource.Xml.dll</FullName>
      <ModuleName>ExternalTestCaseSource.Xml</ModuleName>
      <Files>
        <File uid="15" fullPath="C:\Repos\nunitexternalsources\nunitexternalsources\src\ExternalTestCaseSource.Xml\TestCaseSourceXmlAttribute.cs" />
      </Files>
      <Classes>
        <Class>
          <Summary numSequencePoints="0" visitedSequencePoints="0" numBranchPoints="0" visitedBranchPoints="0" sequenceCoverage="0" branchCoverage="0" maxCyclomaticComplexity="0" minCyclomaticComplexity="0" visitedClasses="0" numClasses="0" visitedMethods="0" numMethods="0" />
          <FullName>&lt;Module&gt;</FullName>
          <Methods />
        </Class>
        <Class>
          <Summary numSequencePoints="42" visitedSequencePoints="2" numBranchPoints="17" visitedBranchPoints="1" sequenceCoverage="4.76" branchCoverage="5.88" maxCyclomaticComplexity="7" minCyclomaticComplexity="1" visitedClasses="1" numClasses="1" visitedMethods="1" numMethods="3" />
          <FullName>NUnitEx.ExternalTestCaseSource.TestCaseSourceXmlAttribute</FullName>
          <Methods>
            <Method visited="false" cyclomaticComplexity="1" sequenceCoverage="0" branchCoverage="0" isConstructor="false" isStatic="false" isGetter="false" isSetter="false">
              <Summary numSequencePoints="3" visitedSequencePoints="0" numBranchPoints="1" visitedBranchPoints="0" sequenceCoverage="0" branchCoverage="0" maxCyclomaticComplexity="1" minCyclomaticComplexity="1" visitedClasses="0" numClasses="0" visitedMethods="0" numMethods="1" />
              <MetadataToken>100663297</MetadataToken>
              <Name>System.Boolean NUnitEx.ExternalTestCaseSource.TestCaseSourceXmlAttribute::HasTestCasesFor(System.Reflection.MethodInfo)</Name>
              <FileRef uid="15" />
              <SequencePoints>
                <SequencePoint vc="0" uspid="127" ordinal="0" offset="0" sl="23" sc="9" el="23" ec="10" bec="0" bev="0" fileid="15" />
                <SequencePoint vc="0" uspid="128" ordinal="1" offset="1" sl="24" sc="13" el="24" ec="71" bec="0" bev="0" fileid="15" />
                <SequencePoint vc="0" uspid="129" ordinal="2" offset="11" sl="25" sc="9" el="25" ec="10" bec="0" bev="0" fileid="15" />
              </SequencePoints>
              <BranchPoints />
              <MethodPoint xsi:type="SequencePoint" vc="0" uspid="127" ordinal="0" offset="0" sl="23" sc="9" el="23" ec="10" bec="0" bev="0" fileid="15" />
            </Method>
            <Method visited="true" cyclomaticComplexity="7" sequenceCoverage="6.67" branchCoverage="9.09" isConstructor="false" isStatic="false" isGetter="false" isSetter="false">
              <Summary numSequencePoints="30" visitedSequencePoints="2" numBranchPoints="11" visitedBranchPoints="1" sequenceCoverage="6.67" branchCoverage="9.09" maxCyclomaticComplexity="7" minCyclomaticComplexity="7" visitedClasses="0" numClasses="0" visitedMethods="1" numMethods="1" />
              <MetadataToken>100663298</MetadataToken>
              <Name>System.Collections.IEnumerable NUnitEx.ExternalTestCaseSource.TestCaseSourceXmlAttribute::GetTestCasesFor(System.Reflection.MethodInfo)</Name>
              <FileRef uid="15" />
              <SequencePoints>
                <SequencePoint vc="5" uspid="130" ordinal="0" offset="0" sl="34" sc="9" el="34" ec="10" bec="0" bev="0" fileid="15" />
                <SequencePoint vc="5" uspid="131" ordinal="1" offset="1" sl="36" sc="13" el="36" ec="40" bec="0" bev="0" fileid="15" />
                <SequencePoint vc="0" uspid="132" ordinal="2" offset="8" sl="38" sc="13" el="38" ec="54" bec="0" bev="0" fileid="15" />
                <SequencePoint vc="0" uspid="133" ordinal="3" offset="14" sl="40" sc="13" el="40" ec="46" bec="2" bev="0" fileid="15" />
                <SequencePoint vc="0" uspid="134" ordinal="4" offset="29" sl="40" sc="47" el="40" ec="68" bec="0" bev="0" fileid="15" />
                <SequencePoint vc="0" uspid="135" ordinal="5" offset="37" sl="47" sc="13" el="47" ec="45" bec="0" bev="0" fileid="15" />
                <SequencePoint vc="0" uspid="136" ordinal="6" offset="44" sl="50" sc="13" el="50" ec="114" bec="0" bev="0" fileid="15" />
                <SequencePoint vc="0" uspid="137" ordinal="7" offset="83" sl="53" sc="13" el="53" ec="47" bec="0" bev="0" fileid="15" />
                <SequencePoint vc="0" uspid="138" ordinal="8" offset="90" sl="56" sc="13" el="56" ec="56" bec="0" bev="0" fileid="15" />
                <SequencePoint vc="0" uspid="139" ordinal="9" offset="99" sl="58" sc="13" el="58" ec="31" bec="2" bev="0" fileid="15" />
                <SequencePoint vc="0" uspid="140" ordinal="10" offset="110" sl="58" sc="32" el="58" ec="53" bec="0" bev="0" fileid="15" />
                <SequencePoint vc="0" uspid="141" ordinal="11" offset="118" sl="60" sc="13" el="60" ec="20" bec="0" bev="0" fileid="15" />
                <SequencePoint vc="0" uspid="142" ordinal="12" offset="119" sl="60" sc="38" el="60" ec="43" bec="0" bev="0" fileid="15" />
                <SequencePoint vc="0" uspid="143" ordinal="13" offset="130" sl="60" sc="22" el="60" ec="34" bec="0" bev="0" fileid="15" />
                <SequencePoint vc="0" uspid="144" ordinal="14" offset="144" sl="61" sc="13" el="61" ec="14" bec="0" bev="0" fileid="15" />
                <SequencePoint vc="0" uspid="145" ordinal="15" offset="145" sl="62" sc="17" el="62" ec="60" bec="0" bev="0" fileid="15" />
                <SequencePoint vc="0" uspid="146" ordinal="16" offset="155" sl="63" sc="22" el="63" ec="31" bec="0" bev="0" fileid="15" />
                <SequencePoint vc="0" uspid="147" ordinal="17" offset="160" sl="64" sc="17" el="64" ec="18" bec="0" bev="0" fileid="15" />
                <SequencePoint vc="0" uspid="148" ordinal="18" offset="161" sl="65" sc="21" el="65" ec="54" bec="0" bev="0" fileid="15" />
                <SequencePoint vc="0" uspid="149" ordinal="19" offset="179" sl="67" sc="21" el="67" ec="41" bec="2" bev="0" fileid="15" />
                <SequencePoint vc="0" uspid="150" ordinal="20" offset="190" sl="67" sc="42" el="67" ec="51" bec="0" bev="0" fileid="15" />
                <SequencePoint vc="0" uspid="151" ordinal="21" offset="192" sl="69" sc="21" el="69" ec="100" bec="0" bev="0" fileid="15" />
                <SequencePoint vc="0" uspid="152" ordinal="22" offset="218" sl="70" sc="17" el="70" ec="18" bec="0" bev="0" fileid="15" />
                <SequencePoint vc="0" uspid="153" ordinal="23" offset="219" sl="63" sc="50" el="63" ec="53" bec="0" bev="0" fileid="15" />
                <SequencePoint vc="0" uspid="154" ordinal="24" offset="229" sl="63" sc="33" el="63" ec="48" bec="2" bev="0" fileid="15" />
                <SequencePoint vc="0" uspid="155" ordinal="25" offset="242" sl="71" sc="17" el="71" ec="49" bec="0" bev="0" fileid="15" />
                <SequencePoint vc="0" uspid="156" ordinal="26" offset="251" sl="72" sc="13" el="72" ec="14" bec="0" bev="0" fileid="15" />
                <SequencePoint vc="0" uspid="157" ordinal="27" offset="252" sl="60" sc="35" el="60" ec="37" bec="2" bev="0" fileid="15" />
                <SequencePoint vc="0" uspid="158" ordinal="28" offset="288" sl="73" sc="13" el="73" ec="34" bec="0" bev="0" fileid="15" />
                <SequencePoint vc="0" uspid="159" ordinal="29" offset="293" sl="74" sc="9" el="74" ec="10" bec="0" bev="0" fileid="15" />
              </SequencePoints>
              <BranchPoints>
                <BranchPoint vc="0" uspid="160" ordinal="0" offset="27" sl="40" path="0" offsetend="29" fileid="15" />
                <BranchPoint vc="0" uspid="161" ordinal="1" offset="27" sl="40" path="1" offsetend="37" fileid="15" />
                <BranchPoint vc="0" uspid="162" ordinal="2" offset="108" sl="58" path="0" offsetend="110" fileid="15" />
                <BranchPoint vc="0" uspid="163" ordinal="3" offset="108" sl="58" path="1" offsetend="118" fileid="15" />
                <BranchPoint vc="0" uspid="164" ordinal="4" offset="188" sl="67" path="0" offsetchain="190" offsetend="219" fileid="15" />
                <BranchPoint vc="0" uspid="165" ordinal="5" offset="188" sl="67" path="1" offsetend="192" fileid="15" />
                <BranchPoint vc="0" uspid="166" ordinal="6" offset="240" sl="63" path="0" offsetend="242" fileid="15" />
                <BranchPoint vc="0" uspid="167" ordinal="7" offset="240" sl="63" path="1" offsetend="160" fileid="15" />
                <BranchPoint vc="0" uspid="168" ordinal="8" offset="259" sl="60" path="0" offsetend="264" fileid="15" />
                <BranchPoint vc="0" uspid="169" ordinal="9" offset="259" sl="60" path="1" offsetend="130" fileid="15" />
              </BranchPoints>
              <MethodPoint xsi:type="SequencePoint" vc="5" uspid="130" ordinal="0" offset="0" sl="34" sc="9" el="34" ec="10" bec="0" bev="0" fileid="15" />
            </Method>
            <Method visited="false" cyclomaticComplexity="3" sequenceCoverage="0" branchCoverage="0" isConstructor="false" isStatic="false" isGetter="false" isSetter="false">
              <Summary numSequencePoints="9" visitedSequencePoints="0" numBranchPoints="5" visitedBranchPoints="0" sequenceCoverage="0" branchCoverage="0" maxCyclomaticComplexity="3" minCyclomaticComplexity="3" visitedClasses="0" numClasses="0" visitedMethods="0" numMethods="1" />
              <MetadataToken>100663299</MetadataToken>
              <Name>System.Xml.XmlDocument NUnitEx.ExternalTestCaseSource.TestCaseSourceXmlAttribute::ReadXmlFile()</Name>
              <FileRef uid="15" />
              <SequencePoints>
                <SequencePoint vc="0" uspid="170" ordinal="0" offset="0" sl="86" sc="9" el="86" ec="10" bec="0" bev="0" fileid="15" />
                <SequencePoint vc="0" uspid="171" ordinal="1" offset="1" sl="87" sc="13" el="87" ec="49" bec="0" bev="0" fileid="15" />
                <SequencePoint vc="0" uspid="172" ordinal="2" offset="7" sl="88" sc="13" el="88" ec="35" bec="4" bev="0" fileid="15" />
                <SequencePoint vc="0" uspid="173" ordinal="3" offset="25" sl="91" sc="21" el="91" ec="52" bec="0" bev="0" fileid="15" />
                <SequencePoint vc="0" uspid="174" ordinal="4" offset="38" sl="92" sc="21" el="92" ec="27" bec="0" bev="0" fileid="15" />
                <SequencePoint vc="0" uspid="175" ordinal="5" offset="40" sl="94" sc="21" el="94" ec="105" bec="0" bev="0" fileid="15" />
                <SequencePoint vc="0" uspid="176" ordinal="6" offset="64" sl="95" sc="21" el="95" ec="27" bec="0" bev="0" fileid="15" />
                <SequencePoint vc="0" uspid="177" ordinal="7" offset="66" sl="97" sc="13" el="97" ec="32" bec="0" bev="0" fileid="15" />
                <SequencePoint vc="0" uspid="178" ordinal="8" offset="70" sl="98" sc="9" el="98" ec="10" bec="0" bev="0" fileid="15" />
              </SequencePoints>
              <BranchPoints>
                <BranchPoint vc="0" uspid="179" ordinal="0" offset="15" sl="88" path="0" offsetchain="17" offsetend="19" fileid="15" />
                <BranchPoint vc="0" uspid="180" ordinal="1" offset="15" sl="88" path="1" offsetend="25" fileid="15" />
                <BranchPoint vc="0" uspid="181" ordinal="2" offset="21" sl="88" path="0" offsetchain="23" offsetend="66" fileid="15" />
                <BranchPoint vc="0" uspid="182" ordinal="3" offset="21" sl="88" path="1" offsetend="40" fileid="15" />
              </BranchPoints>
              <MethodPoint xsi:type="SequencePoint" vc="0" uspid="170" ordinal="0" offset="0" sl="86" sc="9" el="86" ec="10" bec="0" bev="0" fileid="15" />
            </Method>
            <Method visited="true" cyclomaticComplexity="1" sequenceCoverage="0" branchCoverage="0" isConstructor="true" isStatic="false" isGetter="false" isSetter="false">
              <Summary numSequencePoints="0" visitedSequencePoints="0" numBranchPoints="0" visitedBranchPoints="0" sequenceCoverage="0" branchCoverage="0" maxCyclomaticComplexity="1" minCyclomaticComplexity="1" visitedClasses="0" numClasses="0" visitedMethods="0" numMethods="0" />
              <MetadataToken>100663300</MetadataToken>
              <Name>System.Void NUnitEx.ExternalTestCaseSource.TestCaseSourceXmlAttribute::.ctor()</Name>
              <SequencePoints />
              <BranchPoints />
              <MethodPoint vc="7" uspid="183" ordinal="0" offset="0" />
            </Method>
          </Methods>
        </Class>
      </Classes>
    </Module>
    <Module skippedDueTo="MissingPdb" hash="7E-26-06-1C-18-6F-39-1D-B7-4A-76-B1-03-FE-F5-66-25-02-53-84">
      <FullName>c:\Repos\nunitexternalsources\nunitexternalsources\test\ExternalTestCaseSource.Tests\bin\Debug\Rhino.Mocks.dll</FullName>
      <ModuleName>Rhino.Mocks</ModuleName>
      <Classes />
    </Module>
    <Module skippedDueTo="Filter" hash="F2-AE-6A-FF-6D-90-B0-2D-DC-74-AD-F8-5A-48-B4-35-01-4D-5B-36">
      <FullName>C:\WINDOWS\Microsoft.Net\assembly\GAC_MSIL\System.Core\v4.0_4.0.0.0__b77a5c561934e089\System.Core.dll</FullName>
      <ModuleName>System.Core</ModuleName>
      <Classes />
    </Module>
    <Module skippedDueTo="MissingPdb" hash="">
      <FullName>RefEmit_InMemoryManifestModule</FullName>
      <ModuleName>DynamicProxyGenAssembly2</ModuleName>
      <Classes />
    </Module>
    <Module skippedDueTo="MissingPdb" hash="">
      <FullName>RefEmit_InMemoryManifestModule</FullName>
      <ModuleName>DynamicProxyGenAssembly2</ModuleName>
      <Classes />
    </Module>
  </Modules>
</CoverageSession>